[backblue.gif]
[fade.gif]
[index.html]
[localhost/wordpress/feed/index.html]
[localhost/wordpress/comments/feed/index.html]
[localhost/wordpress/wp-includes/js/jquery/jqueryb8ff.js]
[localhost/wordpress/wp-includes/js/jquery/jquery-migrate.min330a.js]
[localhost/wordpress/wp-content/plugins/ocean-extra/includes/widgets/js/mailchimp.min5010.js]
[localhost/wordpress/wp-content/plugins/ocean-extra/includes/widgets/js/share.min5010.js]
[localhost/wordpress/xmlrpc0db0.php]
[localhost/wordpress/wp-json/index.html]
[localhost/wordpress/wp-includes/wlwmanifest.xml]
[localhost/wordpress/wp-json/oembed/1.0/embed68f4.json]
[localhost/wordpress/wp-json/oembed/1.0/embedd248]
[localhost/wordpress/wp-content/uploads/2018/10/6-ways-to-loose-weight-fast-150x150.jpg]
[localhost/wordpress/wp-content/uploads/2018/10/slide_3-1-150x150.png]
[localhost/wordpress/wp-content/uploads/2018/10/advantages-idol-tan-150x150.jpg]
[localhost/wordpress/wp-content/plugins/contact-form-7/includes/js/scripts5560.js]
[localhost/wordpress/wp-includes/js/imagesloaded.min55a0.js]
[localhost/wordpress/wp-content/themes/oceanwp/assets/js/third/magnific-popup.min6614.js]
[localhost/wordpress/wp-content/themes/oceanwp/assets/js/third/lightbox.min6614.js]
[localhost/wordpress/wp-content/themes/oceanwp/assets/js/main.min6614.js]
[localhost/wordpress/wp-includes/js/wp-embed.min5010.js]
[localhost/wordpress/wp-includes/js/jquery/ui/position.mine899.js]
[localhost/wordpress/wp-content/plugins/elementor/assets/lib/dialog/dialog.min268f.js]
[localhost/wordpress/wp-content/plugins/elementor/assets/lib/waypoints/waypoints.min05da.js]
[localhost/wordpress/wp-content/plugins/elementor/assets/lib/swiper/swiper.jquery.mincb20.js]
[localhost/wordpress/wp-content/plugins/elementor/assets/js/frontend.minac31.js]
[localhost/wordpress/index.html]
[localhost/wordpress/wp-content/plugins/contact-form-7/images/ajax-loader.gif]
[localhost/wordpress/wp-content/plugins/contact-form-7/includes/css/styles5560.css]
[localhost/wordpress/wp-content/themes/oceanwp/assets/fonts/fontawesome/fontawesome-webfont3e6e.eot]
[localhost/wordpress/wp-content/themes/oceanwp/assets/fonts/fontawesome/fontawesome-webfontd41d.eot]
[localhost/wordpress/wp-content/themes/oceanwp/assets/fonts/fontawesome/fontawesome-webfont3e6e.woff2]
[localhost/wordpress/wp-content/themes/oceanwp/assets/fonts/fontawesome/fontawesome-webfont3e6e.woff]
[localhost/wordpress/wp-content/themes/oceanwp/assets/fonts/fontawesome/fontawesome-webfont3e6e.ttf]
[localhost/wordpress/wp-content/themes/oceanwp/assets/css/third/font-awesome.min1849.css]
[localhost/wordpress/wp-content/themes/oceanwp/assets/fonts/simple-line-icons/Simple-Line-Iconsb26c.eot]
[localhost/wordpress/wp-content/themes/oceanwp/assets/fonts/simple-line-icons/Simple-Line-Iconsb26c.woff2]
[localhost/wordpress/wp-content/themes/oceanwp/assets/fonts/simple-line-icons/Simple-Line-Iconsb26c.ttf]
[localhost/wordpress/wp-content/themes/oceanwp/assets/fonts/simple-line-icons/Simple-Line-Iconsb26c.woff]
[localhost/wordpress/wp-content/themes/oceanwp/assets/css/third/simple-line-icons.min8d5a.css]
[localhost/wordpress/wp-content/themes/oceanwp/assets/css/third/magnific-popup.min8a54.css]
[localhost/wordpress/wp-content/themes/oceanwp/assets/fonts/slick/slick.eot]
[localhost/wordpress/wp-content/themes/oceanwp/assets/fonts/slick/slickd41d.eot]
[localhost/wordpress/wp-content/themes/oceanwp/assets/fonts/slick/slick.woff]
[localhost/wordpress/wp-content/themes/oceanwp/assets/fonts/slick/slick.ttf]
[localhost/wordpress/wp-content/themes/oceanwp/assets/css/third/slick.minaff7.css]
[localhost/wordpress/wp-content/themes/oceanwp/assets/css/style.min6614.css]
[localhost/wordpress/wp-content/plugins/elementor/assets/lib/eicons/fonts/eicons1df9.eot]
[localhost/wordpress/wp-content/plugins/elementor/assets/lib/eicons/fonts/eicons1df9.woff2]
[localhost/wordpress/wp-content/plugins/elementor/assets/lib/eicons/fonts/eicons1df9.woff]
[localhost/wordpress/wp-content/plugins/elementor/assets/lib/eicons/fonts/eicons1df9.ttf]
[localhost/wordpress/wp-content/plugins/elementor/assets/lib/eicons/css/elementor-icons.min9e95.css]
[localhost/wordpress/wp-content/plugins/elementor/assets/lib/animations/animations.minac31.css]
[localhost/wordpress/wp-content/plugins/elementor/assets/css/frontend.minac31.css]
[localhost/wordpress/wp-content/uploads/elementor/css/global9301.css]
[localhost/wordpress/wp-content/uploads/2018/10/nebula-3840x2160-pink-galaxy-stars-4k-13210.jpg]
[localhost/wordpress/wp-content/uploads/elementor/css/post-111b29.css]
[localhost/wordpress/wp-content/plugins/ocean-extra/assets/img/instagram-logo.png]
[localhost/wordpress/wp-content/plugins/ocean-extra/assets/img/flickr.png]
[localhost/wordpress/wp-content/plugins/ocean-extra/assets/css/widgets5010.css]
[localhost/wordpress/wp-json/oembed/1.0/embed4c30.json]
[localhost/wordpress/wp-json/oembed/1.0/embed8435]
[localhost/wordpress/about/index.html]
[localhost/wordpress/wp-content/themes/oceanwp/assets/fonts/fontawesome/fontawesome-webfont3e6e.svg]
[localhost/wordpress/wp-content/themes/oceanwp/assets/fonts/simple-line-icons/Simple-Line-Iconsb26c.svg]
[localhost/wordpress/wp-content/themes/oceanwp/assets/fonts/slick/slick.svg]
[localhost/wordpress/wp-content/plugins/elementor/assets/lib/eicons/fonts/eicons1df9.svg]
[localhost/wordpress/wp-content/uploads/elementor/css/post-131aef.css]
[localhost/wordpress/index2dc4.html]
